../Core/Src/main.c:90:5:main	8	static
../Core/Src/main.c:156:6:SystemClock_Config	88	static
../Core/Src/main.c:204:6:MX_I2C1_Init	8	static
../Core/Src/main.c:238:13:MX_USART2_UART_Init	8	static
../Core/Src/main.c:271:13:MX_GPIO_Init	48	static
../Core/Src/main.c:311:6:OLED_Dashboard	112	static
../Core/Src/main.c:356:6:OLED_DrawRect	32	static
../Core/Src/main.c:371:6:OLED_DrawBattery	24	static
../Core/Src/main.c:406:6:OLED_StatusScreen	16	static
../Core/Src/main.c:425:6:OLED_NavigationScreen	16	static
../Core/Src/main.c:479:6:OLED_SonarScreen	16	static
../Core/Src/main.c:521:6:HAL_GPIO_EXTI_Callback	16	static
../Core/Src/main.c:539:6:Error_Handler	4	static,ignoring_inline_asm
