../Core/Src/main.c:90:5:main	4
../Core/Src/main.c:156:6:SystemClock_Config	3
../Core/Src/main.c:204:6:MX_I2C1_Init	2
../Core/Src/main.c:238:13:MX_USART2_UART_Init	2
../Core/Src/main.c:271:13:MX_GPIO_Init	1
../Core/Src/main.c:311:6:OLED_Dashboard	5
../Core/Src/main.c:356:6:OLED_DrawRect	3
../Core/Src/main.c:371:6:OLED_DrawBattery	5
../Core/Src/main.c:406:6:OLED_StatusScreen	2
../Core/Src/main.c:425:6:OLED_NavigationScreen	6
../Core/Src/main.c:479:6:OLED_SonarScreen	4
../Core/Src/main.c:521:6:HAL_GPIO_EXTI_Callback	3
../Core/Src/main.c:539:6:Error_Handler	1
