../Core/Src/oled.c:119:6:OLED_I2C_Recover	32	static
../Core/Src/oled.c:140:6:OLED_WriteCommand	32	static
../Core/Src/oled.c:149:6:OLED_WriteData	32	static
../Core/Src/oled.c:162:6:OLED_Init	8	static
../Core/Src/oled.c:215:6:OLED_Clear	16	static
../Core/Src/oled.c:224:6:OLED_Fill	24	static
../Core/Src/oled.c:233:6:OLED_Update	16	static
../Core/Src/oled.c:259:6:OLED_DrawPixel	24	static
../Core/Src/oled.c:291:6:OLED_DrawChar	32	static
../Core/Src/oled.c:367:6:OLED_DrawString	16	static
../Core/Src/oled.c:391:6:OLED_BootScreen	16	static
